// Jest Snapshot v1, https://goo.gl/fbAQLP

exports[`User unit snapshot snapshot 1`] = `
Object {
  "asFragment": [Function],
  "baseElement": <body>
    <div>
      <div
        class=""
      >
        <img
          class="object-fit object-cover w-screen -mb-32 bg-gray-600 shadow-sm css-bzcbpt"
          data-testid="user-banner"
          src="https://firebasestorage.googleapis.com/v0/b/heds-34ac0.appspot.com/o/banners%2F0x000000000000000000000000000000.png?alt=media&token=652af26f-1f52-4e2d-852e-0b101c60a015"
        />
        <div
          class="css-1po0665"
        >
          <div
            class="chakra-stack css-n21gh5"
          >
            <div
              class="chakra-skeleton css-w1bskt"
            >
              <img
                alt="Alexander Lewis"
                class="bs-preset-1 object-cover lg:min-h-[18rem] lg:max-h-[18rem] lg:min-w-[18rem] lg:max-w-[18rem] aspect-square rounded-lg object-center"
                data-testid="user-profile-picture"
                src="https://firebasestorage.googleapis.com/v0/b/heds-34ac0.appspot.com/o/users%2F0xde5bc302fc6d899eab4334602dd15efb20cd745f.jpeg?alt=media&token=9f251bf5-38c8-4800-b4c4-bc9166a0ebc2"
                style="border: 1px;"
              />
            </div>
            <div
              class="chakra-skeleton css-1h4o0kv"
            >
              <div
                class="chakra-stack css-x9juev"
                data-testid="user-badge-container"
              >
                <span
                  class="chakra-badge css-ifsvay"
                  data-testid="user-badge"
                >
                  Visitor
                </span>
                <span
                  class="chakra-badge css-ifsvay"
                  data-testid="user-badge"
                >
                  Artist
                </span>
              </div>
            </div>
            <div
              class="chakra-skeleton css-1ct2wuv"
            >
              <h2
                class="chakra-heading css-0"
                data-testid="user-display-name"
              >
                Alexander Lewis
              </h2>
            </div>
            <div
              class="chakra-skeleton css-1ct2wuv"
            >
              <p
                class="chakra-text -mt-2 css-130t7v7"
                data-testid="user-description"
              >
                ...
              </p>
            </div>
            <div
              class="css-70qvj9"
              data-testid="user-copy-container"
            >
              <button
                aria-label="edit profile"
                class="chakra-button mx-0 css-1aqan9i"
                type="button"
              >
                <span
                  class="chakra-button__icon css-1wh2kri"
                >
                  <i
                    aria-hidden="true"
                    class="fa-solid fa-copy"
                    focusable="false"
                  />
                </span>
                0xde...745f
              </button>
            </div>
            <div
              class="css-70qvj9"
              data-testid="user-copy-container"
            >
              <div
                class="chakra-skeleton css-mrvdji"
              >
                <a
                  aria-label="edit profile"
                  class="chakra-link chakra-button mx-0 decoration-transparent css-1dnvz7i"
                  href="https://www.twitter.com/_alexanderlewis"
                  style="text-decoration: none;"
                  target="_blank"
                >
                  <span
                    class="chakra-button__icon css-1wh2kri"
                  >
                    <i
                      aria-hidden="true"
                      class="fa-brands fa-twitter text-[0.75rem]"
                      focusable="false"
                    />
                  </span>
                  @
                  _alexanderlewis
                </a>
              </div>
            </div>
          </div>
          <div
            class="chakra-stack css-1twzw69"
          >
            <div
              class="chakra-skeleton css-1whw5mh"
            >
              <h2
                class="chakra-heading css-1tapsqs"
              >
                Samples
              </h2>
              <hr
                aria-orientation="horizontal"
                class="chakra-divider css-dqfk1s"
              />
              <ul
                class="divide-y divide-gray-200 py-3"
                data-testid="user-samples"
                role="list"
              >
                <div
                  class="chakra-stack css-hxjtip"
                >
                  <li
                    class="text-sm text-gray-600 rounded-md"
                  >
                    <button
                      class="flex justify-between items-center gap-x-2 w-full hover:bg-gray-50 px-2 py-2 rounded-md"
                    >
                      <img
                        alt="hedsTAPE 06"
                        class=" css-anyv6z"
                        src="https://firebasestorage.googleapis.com/v0/b/hedsdev.appspot.com/o/covers%2Fhedstape%2F6.png?alt=media&token=72d071a3-9276-47b9-98df-d1b42177c5a8"
                      />
                      <span
                        class="text-xs font-light"
                      >
                        hedsTAPE 06
                      </span>
                      <div
                        class="min-w-0 flex-1 sm:flex"
                      />
                      <div
                        class="flex-shrink-0 sm:mt-0 sm:ml-5"
                      >
                        <span
                          class="mr-2 sm:mr-4"
                        />
                        <i
                          class="fa-solid fa-play"
                        />
                      </div>
                    </button>
                  </li>
                </div>
              </ul>
            </div>
            <div
              class="chakra-skeleton css-1whw5mh"
            >
              <h2
                class="chakra-heading css-1tapsqs"
              >
                Featured On
              </h2>
              <hr
                aria-orientation="horizontal"
                class="chakra-divider css-1upb9tn"
              />
              <div
                class="py-2 css-25eta5"
                data-testid="user-tracks"
              >
                <div
                  class="css-1gvp5h0"
                >
                  <div
                    class="chakra-skeleton css-t4l8yc"
                  >
                    <img
                      class="object-cover aspect-square rounded-lg object-center hover:opacity-75"
                      src="https://firebasestorage.googleapis.com/v0/b/hedsdev.appspot.com/o/covers%2Fhedstape%2F3.png?alt=media&token=5413c9e1-753a-4c74-8b24-823d78aba1e6"
                    />
                  </div>
                  <div
                    class="css-1czkgpg"
                  >
                    <p
                      class="chakra-text css-w6i8g7"
                    >
                      hedsTAPE 03
                    </p>
                  </div>
                </div>
                <div
                  class="css-1gvp5h0"
                >
                  <div
                    class="chakra-skeleton css-t4l8yc"
                  >
                    <img
                      class="object-cover aspect-square rounded-lg object-center hover:opacity-75"
                      src="https://firebasestorage.googleapis.com/v0/b/hedsdev.appspot.com/o/covers%2Fhedstape%2F5.png?alt=media&token=3a94898c-e05a-4c06-8b1b-11150bfd0c98"
                    />
                  </div>
                  <div
                    class="css-1czkgpg"
                  >
                    <p
                      class="chakra-text css-w6i8g7"
                    >
                      hedsTAPE 05
                    </p>
                  </div>
                </div>
              </div>
            </div>
            <div
              class="chakra-skeleton css-1whw5mh"
            >
              <h2
                class="chakra-heading css-1tapsqs"
              >
                Submissions
              </h2>
              <hr
                aria-orientation="horizontal"
                class="chakra-divider css-dqfk1s"
              />
              <ul
                class="divide-y divide-gray-200 py-3"
                data-testid="user-submissions"
                role="list"
              >
                <div
                  class="chakra-stack css-1uzszlh"
                >
                  <li
                    class="text-sm text-gray-600 rounded-md border-green-200/60 border shadow-sm"
                  >
                    <div
                      class="flex justify-between items-center gap-x-2 w-full hover:bg-gray-50 px-2 py-2 rounded-md"
                    >
                      <img
                        alt="hedsTAPE 03"
                        class="grayscale css-anyv6z"
                        src="https://firebasestorage.googleapis.com/v0/b/hedsdev.appspot.com/o/covers%2Fhedstape%2F3.png?alt=media&token=5413c9e1-753a-4c74-8b24-823d78aba1e6"
                      />
                      <span
                        class="text-xs sm:inline hidden font-light whitespace-nowrap"
                      >
                        hedsTAPE 03
                      </span>
                      <div
                        class="min-w-0 flex-1 sm:flex text-xs text-neutral-800  whitespace-nowrap"
                      >
                        witty donkey
                      </div>
                      <span
                        class="animate__animated animate__fadeOutDown text-xs font-semibold text-red-500 ml-1 w-full text-center"
                      >
                        private
                      </span>
                      <span
                        class="mr-2 sm:mr-4 whitespace-nowrap"
                      >
                        1:17
                      </span>
                      <button
                        aria-label="play"
                        class="chakra-button flex-shrink-0 css-4oyhih"
                        type="button"
                      >
                        <i
                          aria-hidden="true"
                          class="fa-solid fa-play"
                          focusable="false"
                        />
                      </button>
                      <button
                        aria-label="add to queue"
                        class="chakra-button flex-shrink-0 css-1i707w2"
                        type="button"
                      >
                        <i
                          aria-hidden="true"
                          class="fa-solid fa-layer-plus"
                          focusable="false"
                        />
                      </button>
                    </div>
                  </li>
                  <li
                    class="text-sm text-gray-600 rounded-md border-green-200/60 border shadow-sm"
                  >
                    <div
                      class="flex justify-between items-center gap-x-2 w-full hover:bg-gray-50 px-2 py-2 rounded-md"
                    >
                      <img
                        alt="hedsTAPE 05"
                        class="grayscale css-anyv6z"
                        src="https://firebasestorage.googleapis.com/v0/b/hedsdev.appspot.com/o/covers%2Fhedstape%2F5.png?alt=media&token=3a94898c-e05a-4c06-8b1b-11150bfd0c98"
                      />
                      <span
                        class="text-xs sm:inline hidden font-light whitespace-nowrap"
                      >
                        hedsTAPE 05
                      </span>
                      <div
                        class="min-w-0 flex-1 sm:flex text-xs text-neutral-800  whitespace-nowrap"
                      >
                        fretful dormouse
                      </div>
                      <span
                        class="animate__animated animate__fadeOutDown text-xs font-semibold text-red-500 ml-1 w-full text-center"
                      >
                        private
                      </span>
                      <span
                        class="mr-2 sm:mr-4 whitespace-nowrap"
                      >
                        1:13
                      </span>
                      <button
                        aria-label="play"
                        class="chakra-button flex-shrink-0 css-4oyhih"
                        type="button"
                      >
                        <i
                          aria-hidden="true"
                          class="fa-solid fa-play"
                          focusable="false"
                        />
                      </button>
                      <button
                        aria-label="add to queue"
                        class="chakra-button flex-shrink-0 css-1i707w2"
                        type="button"
                      >
                        <i
                          aria-hidden="true"
                          class="fa-solid fa-layer-plus"
                          focusable="false"
                        />
                      </button>
                    </div>
                  </li>
                </div>
              </ul>
            </div>
            <div
              class="chakra-stack css-n21gh5"
              data-testid="user-collection-container"
            >
              <div
                class="css-1lekzkb"
              >
                <h2
                  class="chakra-heading css-m9kwts"
                >
                  Collection
                </h2>
                <button
                  class="chakra-button bg-transparent hover:rotate-180 ease-in-out duration-500 delay-75 css-1p1kwla"
                  type="button"
                >
                  <svg
                    class="hover:rotate-180 ease-in-out"
                    fill="none"
                    height="14"
                    stroke="currentColor"
                    stroke-linecap="round"
                    stroke-linejoin="round"
                    stroke-width="2"
                    viewBox="0 0 24 24"
                    width="14"
                    xmlns="http://www.w3.org/2000/svg"
                  >
                    <path
                      d="M0 0h24v24H0z"
                      fill="none"
                      stroke="none"
                    />
                    <path
                      d="M20 11a8.1 8.1 0 0 0 -15.5 -2m-.5 -4v4h4"
                    />
                    <path
                      d="M4 13a8.1 8.1 0 0 0 15.5 2m.5 4v-4h-4"
                    />
                  </svg>
                </button>
              </div>
              <hr
                aria-orientation="horizontal"
                class="chakra-divider css-1leunqo"
              />
              <div
                class="py-2 css-25eta5"
              >
                <div
                  class="css-1gvp5h0"
                  data-testid="user-collection-0"
                >
                  <div
                    class="chakra-skeleton css-mrvdji"
                  >
                    <div
                      class="relative"
                    >
                      <img
                        class="object-cover aspect-square rounded-lg object-center hover:opacity-75 shadow-md"
                        src="https://firebasestorage.googleapis.com/v0/b/hedsdev.appspot.com/o/covers%2Fhedstape%2F4.png?alt=media&token=f1035070-2eb5-49eb-9dc8-c1ab43506399"
                      />
                      <div
                        class="text-xs absolute top-2 right-0 py-0.5 px-2 bg-white bg-opacity-70 rounded-l-lg"
                      >
                        x
                        2
                      </div>
                    </div>
                  </div>
                  <div
                    class="chakra-skeleton css-1mgefph"
                  >
                    <span
                      class="px-0.5 tracking-wide text-sm text-gray-600 font-semibold"
                    >
                      hedsTAPE 04
                    </span>
                  </div>
                </div>
                <div
                  class="css-1gvp5h0"
                  data-testid="user-collection-1"
                >
                  <div
                    class="chakra-skeleton css-mrvdji"
                  >
                    <div
                      class="relative"
                    >
                      <img
                        class="object-cover aspect-square rounded-lg object-center hover:opacity-75 shadow-md"
                        src="https://firebasestorage.googleapis.com/v0/b/hedsdev.appspot.com/o/covers%2Fhedstape%2F3.png?alt=media&token=5413c9e1-753a-4c74-8b24-823d78aba1e6"
                      />
                      <div
                        class="text-xs absolute top-2 right-0 py-0.5 px-2 bg-white bg-opacity-70 rounded-l-lg"
                      >
                        x
                        3
                      </div>
                    </div>
                  </div>
                  <div
                    class="chakra-skeleton css-1mgefph"
                  >
                    <span
                      class="px-0.5 tracking-wide text-sm text-gray-600 font-semibold"
                    >
                      hedsTAPE 03
                    </span>
                  </div>
                </div>
                <div
                  class="css-1gvp5h0"
                  data-testid="user-collection-2"
                >
                  <div
                    class="chakra-skeleton css-mrvdji"
                  >
                    <div
                      class="relative"
                    >
                      <img
                        class="object-cover aspect-square rounded-lg object-center hover:opacity-75 shadow-md"
                        src="https://firebasestorage.googleapis.com/v0/b/hedsdev.appspot.com/o/covers%2Fhedstape%2F8.png?alt=media&token=85033672-edfe-42ce-9987-fa293b3a1bcd"
                      />
                      <div
                        class="text-xs absolute top-2 right-0 py-0.5 px-2 bg-white bg-opacity-70 rounded-l-lg"
                      >
                        x
                        1
                      </div>
                    </div>
                  </div>
                  <div
                    class="chakra-skeleton css-1mgefph"
                  >
                    <span
                      class="px-0.5 tracking-wide text-sm text-gray-600 font-semibold"
                    >
                      hedsTAPE 08
                    </span>
                  </div>
                </div>
                <div
                  class="css-1gvp5h0"
                  data-testid="user-collection-3"
                >
                  <div
                    class="chakra-skeleton css-mrvdji"
                  >
                    <div
                      class="relative"
                    >
                      <img
                        class="object-cover aspect-square rounded-lg object-center hover:opacity-75 shadow-md"
                        src="https://firebasestorage.googleapis.com/v0/b/hedsdev.appspot.com/o/covers%2Fhedstape%2F7.png?alt=media&token=6669ac60-7886-4e4e-a41a-6976afb978aa"
                      />
                      <div
                        class="text-xs absolute top-2 right-0 py-0.5 px-2 bg-white bg-opacity-70 rounded-l-lg"
                      >
                        x
                        1
                      </div>
                    </div>
                  </div>
                  <div
                    class="chakra-skeleton css-1mgefph"
                  >
                    <span
                      class="px-0.5 tracking-wide text-sm text-gray-600 font-semibold"
                    >
                      hedsTAPE 07
                    </span>
                  </div>
                </div>
                <div
                  class="css-1gvp5h0"
                  data-testid="user-collection-4"
                >
                  <div
                    class="chakra-skeleton css-mrvdji"
                  >
                    <div
                      class="relative"
                    >
                      <img
                        class="object-cover aspect-square rounded-lg object-center hover:opacity-75 shadow-md"
                        src="https://firebasestorage.googleapis.com/v0/b/hedsdev.appspot.com/o/covers%2Fhedstape%2F2.png?alt=media&token=b37ac39b-243e-411f-820f-17c9b8e454df"
                      />
                      <div
                        class="text-xs absolute top-2 right-0 py-0.5 px-2 bg-white bg-opacity-70 rounded-l-lg"
                      >
                        x
                        1
                      </div>
                    </div>
                  </div>
                  <div
                    class="chakra-skeleton css-1mgefph"
                  >
                    <span
                      class="px-0.5 tracking-wide text-sm text-gray-600 font-semibold"
                    >
                      hedsTAPE 02
                    </span>
                  </div>
                </div>
                <div
                  class="css-1gvp5h0"
                  data-testid="user-collection-5"
                >
                  <div
                    class="chakra-skeleton css-mrvdji"
                  >
                    <div
                      class="relative"
                    >
                      <img
                        class="object-cover aspect-square rounded-lg object-center hover:opacity-75 shadow-md"
                        src="https://firebasestorage.googleapis.com/v0/b/hedsdev.appspot.com/o/covers%2Fhedstape%2F9.png?alt=media&token=1b42feb2-8832-4323-ab56-a93ff7ef18a7"
                      />
                      <div
                        class="text-xs absolute top-2 right-0 py-0.5 px-2 bg-white bg-opacity-70 rounded-l-lg"
                      >
                        x
                        1
                      </div>
                    </div>
                  </div>
                  <div
                    class="chakra-skeleton css-1mgefph"
                  >
                    <span
                      class="px-0.5 tracking-wide text-sm text-gray-600 font-semibold"
                    >
                      hedsTAPE 09
                    </span>
                  </div>
                </div>
                <div
                  class="css-1gvp5h0"
                  data-testid="user-collection-6"
                >
                  <div
                    class="chakra-skeleton css-mrvdji"
                  >
                    <div
                      class="relative"
                    >
                      <img
                        class="object-cover aspect-square rounded-lg object-center hover:opacity-75 shadow-md"
                        src="https://firebasestorage.googleapis.com/v0/b/hedsdev.appspot.com/o/covers%2Fhedstape%2F6.png?alt=media&token=72d071a3-9276-47b9-98df-d1b42177c5a8"
                      />
                      <div
                        class="text-xs absolute top-2 right-0 py-0.5 px-2 bg-white bg-opacity-70 rounded-l-lg"
                      >
                        x
                        1
                      </div>
                    </div>
                  </div>
                  <div
                    class="chakra-skeleton css-1mgefph"
                  >
                    <span
                      class="px-0.5 tracking-wide text-sm text-gray-600 font-semibold"
                    >
                      hedsTAPE 06
                    </span>
                  </div>
                </div>
                <div
                  class="css-1gvp5h0"
                  data-testid="user-collection-7"
                >
                  <div
                    class="chakra-skeleton css-mrvdji"
                  >
                    <div
                      class="relative"
                    >
                      <img
                        class="object-cover aspect-square rounded-lg object-center hover:opacity-75 shadow-md"
                        src="https://firebasestorage.googleapis.com/v0/b/hedsdev.appspot.com/o/covers%2Fhedstape%2F1.png?alt=media&token=59b78f03-5b26-4e43-8470-a45e33f7791b"
                      />
                      <div
                        class="text-xs absolute top-2 right-0 py-0.5 px-2 bg-white bg-opacity-70 rounded-l-lg"
                      >
                        x
                        1
                      </div>
                    </div>
                  </div>
                  <div
                    class="chakra-skeleton css-1mgefph"
                  >
                    <span
                      class="px-0.5 tracking-wide text-sm text-gray-600 font-semibold"
                    >
                      hedsTAPE 01
                    </span>
                  </div>
                </div>
              </div>
            </div>
          </div>
        </div>
      </div>
    </div>
  </body>,
  "container": <div>
    <div
      class=""
    >
      <img
        class="object-fit object-cover w-screen -mb-32 bg-gray-600 shadow-sm css-bzcbpt"
        data-testid="user-banner"
        src="https://firebasestorage.googleapis.com/v0/b/heds-34ac0.appspot.com/o/banners%2F0x000000000000000000000000000000.png?alt=media&token=652af26f-1f52-4e2d-852e-0b101c60a015"
      />
      <div
        class="css-1po0665"
      >
        <div
          class="chakra-stack css-n21gh5"
        >
          <div
            class="chakra-skeleton css-w1bskt"
          >
            <img
              alt="Alexander Lewis"
              class="bs-preset-1 object-cover lg:min-h-[18rem] lg:max-h-[18rem] lg:min-w-[18rem] lg:max-w-[18rem] aspect-square rounded-lg object-center"
              data-testid="user-profile-picture"
              src="https://firebasestorage.googleapis.com/v0/b/heds-34ac0.appspot.com/o/users%2F0xde5bc302fc6d899eab4334602dd15efb20cd745f.jpeg?alt=media&token=9f251bf5-38c8-4800-b4c4-bc9166a0ebc2"
              style="border: 1px;"
            />
          </div>
          <div
            class="chakra-skeleton css-1h4o0kv"
          >
            <div
              class="chakra-stack css-x9juev"
              data-testid="user-badge-container"
            >
              <span
                class="chakra-badge css-ifsvay"
                data-testid="user-badge"
              >
                Visitor
              </span>
              <span
                class="chakra-badge css-ifsvay"
                data-testid="user-badge"
              >
                Artist
              </span>
            </div>
          </div>
          <div
            class="chakra-skeleton css-1ct2wuv"
          >
            <h2
              class="chakra-heading css-0"
              data-testid="user-display-name"
            >
              Alexander Lewis
            </h2>
          </div>
          <div
            class="chakra-skeleton css-1ct2wuv"
          >
            <p
              class="chakra-text -mt-2 css-130t7v7"
              data-testid="user-description"
            >
              ...
            </p>
          </div>
          <div
            class="css-70qvj9"
            data-testid="user-copy-container"
          >
            <button
              aria-label="edit profile"
              class="chakra-button mx-0 css-1aqan9i"
              type="button"
            >
              <span
                class="chakra-button__icon css-1wh2kri"
              >
                <i
                  aria-hidden="true"
                  class="fa-solid fa-copy"
                  focusable="false"
                />
              </span>
              0xde...745f
            </button>
          </div>
          <div
            class="css-70qvj9"
            data-testid="user-copy-container"
          >
            <div
              class="chakra-skeleton css-mrvdji"
            >
              <a
                aria-label="edit profile"
                class="chakra-link chakra-button mx-0 decoration-transparent css-1dnvz7i"
                href="https://www.twitter.com/_alexanderlewis"
                style="text-decoration: none;"
                target="_blank"
              >
                <span
                  class="chakra-button__icon css-1wh2kri"
                >
                  <i
                    aria-hidden="true"
                    class="fa-brands fa-twitter text-[0.75rem]"
                    focusable="false"
                  />
                </span>
                @
                _alexanderlewis
              </a>
            </div>
          </div>
        </div>
        <div
          class="chakra-stack css-1twzw69"
        >
          <div
            class="chakra-skeleton css-1whw5mh"
          >
            <h2
              class="chakra-heading css-1tapsqs"
            >
              Samples
            </h2>
            <hr
              aria-orientation="horizontal"
              class="chakra-divider css-dqfk1s"
            />
            <ul
              class="divide-y divide-gray-200 py-3"
              data-testid="user-samples"
              role="list"
            >
              <div
                class="chakra-stack css-hxjtip"
              >
                <li
                  class="text-sm text-gray-600 rounded-md"
                >
                  <button
                    class="flex justify-between items-center gap-x-2 w-full hover:bg-gray-50 px-2 py-2 rounded-md"
                  >
                    <img
                      alt="hedsTAPE 06"
                      class=" css-anyv6z"
                      src="https://firebasestorage.googleapis.com/v0/b/hedsdev.appspot.com/o/covers%2Fhedstape%2F6.png?alt=media&token=72d071a3-9276-47b9-98df-d1b42177c5a8"
                    />
                    <span
                      class="text-xs font-light"
                    >
                      hedsTAPE 06
                    </span>
                    <div
                      class="min-w-0 flex-1 sm:flex"
                    />
                    <div
                      class="flex-shrink-0 sm:mt-0 sm:ml-5"
                    >
                      <span
                        class="mr-2 sm:mr-4"
                      />
                      <i
                        class="fa-solid fa-play"
                      />
                    </div>
                  </button>
                </li>
              </div>
            </ul>
          </div>
          <div
            class="chakra-skeleton css-1whw5mh"
          >
            <h2
              class="chakra-heading css-1tapsqs"
            >
              Featured On
            </h2>
            <hr
              aria-orientation="horizontal"
              class="chakra-divider css-1upb9tn"
            />
            <div
              class="py-2 css-25eta5"
              data-testid="user-tracks"
            >
              <div
                class="css-1gvp5h0"
              >
                <div
                  class="chakra-skeleton css-t4l8yc"
                >
                  <img
                    class="object-cover aspect-square rounded-lg object-center hover:opacity-75"
                    src="https://firebasestorage.googleapis.com/v0/b/hedsdev.appspot.com/o/covers%2Fhedstape%2F3.png?alt=media&token=5413c9e1-753a-4c74-8b24-823d78aba1e6"
                  />
                </div>
                <div
                  class="css-1czkgpg"
                >
                  <p
                    class="chakra-text css-w6i8g7"
                  >
                    hedsTAPE 03
                  </p>
                </div>
              </div>
              <div
                class="css-1gvp5h0"
              >
                <div
                  class="chakra-skeleton css-t4l8yc"
                >
                  <img
                    class="object-cover aspect-square rounded-lg object-center hover:opacity-75"
                    src="https://firebasestorage.googleapis.com/v0/b/hedsdev.appspot.com/o/covers%2Fhedstape%2F5.png?alt=media&token=3a94898c-e05a-4c06-8b1b-11150bfd0c98"
                  />
                </div>
                <div
                  class="css-1czkgpg"
                >
                  <p
                    class="chakra-text css-w6i8g7"
                  >
                    hedsTAPE 05
                  </p>
                </div>
              </div>
            </div>
          </div>
          <div
            class="chakra-skeleton css-1whw5mh"
          >
            <h2
              class="chakra-heading css-1tapsqs"
            >
              Submissions
            </h2>
            <hr
              aria-orientation="horizontal"
              class="chakra-divider css-dqfk1s"
            />
            <ul
              class="divide-y divide-gray-200 py-3"
              data-testid="user-submissions"
              role="list"
            >
              <div
                class="chakra-stack css-1uzszlh"
              >
                <li
                  class="text-sm text-gray-600 rounded-md border-green-200/60 border shadow-sm"
                >
                  <div
                    class="flex justify-between items-center gap-x-2 w-full hover:bg-gray-50 px-2 py-2 rounded-md"
                  >
                    <img
                      alt="hedsTAPE 03"
                      class="grayscale css-anyv6z"
                      src="https://firebasestorage.googleapis.com/v0/b/hedsdev.appspot.com/o/covers%2Fhedstape%2F3.png?alt=media&token=5413c9e1-753a-4c74-8b24-823d78aba1e6"
                    />
                    <span
                      class="text-xs sm:inline hidden font-light whitespace-nowrap"
                    >
                      hedsTAPE 03
                    </span>
                    <div
                      class="min-w-0 flex-1 sm:flex text-xs text-neutral-800  whitespace-nowrap"
                    >
                      witty donkey
                    </div>
                    <span
                      class="animate__animated animate__fadeOutDown text-xs font-semibold text-red-500 ml-1 w-full text-center"
                    >
                      private
                    </span>
                    <span
                      class="mr-2 sm:mr-4 whitespace-nowrap"
                    >
                      1:17
                    </span>
                    <button
                      aria-label="play"
                      class="chakra-button flex-shrink-0 css-4oyhih"
                      type="button"
                    >
                      <i
                        aria-hidden="true"
                        class="fa-solid fa-play"
                        focusable="false"
                      />
                    </button>
                    <button
                      aria-label="add to queue"
                      class="chakra-button flex-shrink-0 css-1i707w2"
                      type="button"
                    >
                      <i
                        aria-hidden="true"
                        class="fa-solid fa-layer-plus"
                        focusable="false"
                      />
                    </button>
                  </div>
                </li>
                <li
                  class="text-sm text-gray-600 rounded-md border-green-200/60 border shadow-sm"
                >
                  <div
                    class="flex justify-between items-center gap-x-2 w-full hover:bg-gray-50 px-2 py-2 rounded-md"
                  >
                    <img
                      alt="hedsTAPE 05"
                      class="grayscale css-anyv6z"
                      src="https://firebasestorage.googleapis.com/v0/b/hedsdev.appspot.com/o/covers%2Fhedstape%2F5.png?alt=media&token=3a94898c-e05a-4c06-8b1b-11150bfd0c98"
                    />
                    <span
                      class="text-xs sm:inline hidden font-light whitespace-nowrap"
                    >
                      hedsTAPE 05
                    </span>
                    <div
                      class="min-w-0 flex-1 sm:flex text-xs text-neutral-800  whitespace-nowrap"
                    >
                      fretful dormouse
                    </div>
                    <span
                      class="animate__animated animate__fadeOutDown text-xs font-semibold text-red-500 ml-1 w-full text-center"
                    >
                      private
                    </span>
                    <span
                      class="mr-2 sm:mr-4 whitespace-nowrap"
                    >
                      1:13
                    </span>
                    <button
                      aria-label="play"
                      class="chakra-button flex-shrink-0 css-4oyhih"
                      type="button"
                    >
                      <i
                        aria-hidden="true"
                        class="fa-solid fa-play"
                        focusable="false"
                      />
                    </button>
                    <button
                      aria-label="add to queue"
                      class="chakra-button flex-shrink-0 css-1i707w2"
                      type="button"
                    >
                      <i
                        aria-hidden="true"
                        class="fa-solid fa-layer-plus"
                        focusable="false"
                      />
                    </button>
                  </div>
                </li>
              </div>
            </ul>
          </div>
          <div
            class="chakra-stack css-n21gh5"
            data-testid="user-collection-container"
          >
            <div
              class="css-1lekzkb"
            >
              <h2
                class="chakra-heading css-m9kwts"
              >
                Collection
              </h2>
              <button
                class="chakra-button bg-transparent hover:rotate-180 ease-in-out duration-500 delay-75 css-1p1kwla"
                type="button"
              >
                <svg
                  class="hover:rotate-180 ease-in-out"
                  fill="none"
                  height="14"
                  stroke="currentColor"
                  stroke-linecap="round"
                  stroke-linejoin="round"
                  stroke-width="2"
                  viewBox="0 0 24 24"
                  width="14"
                  xmlns="http://www.w3.org/2000/svg"
                >
                  <path
                    d="M0 0h24v24H0z"
                    fill="none"
                    stroke="none"
                  />
                  <path
                    d="M20 11a8.1 8.1 0 0 0 -15.5 -2m-.5 -4v4h4"
                  />
                  <path
                    d="M4 13a8.1 8.1 0 0 0 15.5 2m.5 4v-4h-4"
                  />
                </svg>
              </button>
            </div>
            <hr
              aria-orientation="horizontal"
              class="chakra-divider css-1leunqo"
            />
            <div
              class="py-2 css-25eta5"
            >
              <div
                class="css-1gvp5h0"
                data-testid="user-collection-0"
              >
                <div
                  class="chakra-skeleton css-mrvdji"
                >
                  <div
                    class="relative"
                  >
                    <img
                      class="object-cover aspect-square rounded-lg object-center hover:opacity-75 shadow-md"
                      src="https://firebasestorage.googleapis.com/v0/b/hedsdev.appspot.com/o/covers%2Fhedstape%2F4.png?alt=media&token=f1035070-2eb5-49eb-9dc8-c1ab43506399"
                    />
                    <div
                      class="text-xs absolute top-2 right-0 py-0.5 px-2 bg-white bg-opacity-70 rounded-l-lg"
                    >
                      x
                      2
                    </div>
                  </div>
                </div>
                <div
                  class="chakra-skeleton css-1mgefph"
                >
                  <span
                    class="px-0.5 tracking-wide text-sm text-gray-600 font-semibold"
                  >
                    hedsTAPE 04
                  </span>
                </div>
              </div>
              <div
                class="css-1gvp5h0"
                data-testid="user-collection-1"
              >
                <div
                  class="chakra-skeleton css-mrvdji"
                >
                  <div
                    class="relative"
                  >
                    <img
                      class="object-cover aspect-square rounded-lg object-center hover:opacity-75 shadow-md"
                      src="https://firebasestorage.googleapis.com/v0/b/hedsdev.appspot.com/o/covers%2Fhedstape%2F3.png?alt=media&token=5413c9e1-753a-4c74-8b24-823d78aba1e6"
                    />
                    <div
                      class="text-xs absolute top-2 right-0 py-0.5 px-2 bg-white bg-opacity-70 rounded-l-lg"
                    >
                      x
                      3
                    </div>
                  </div>
                </div>
                <div
                  class="chakra-skeleton css-1mgefph"
                >
                  <span
                    class="px-0.5 tracking-wide text-sm text-gray-600 font-semibold"
                  >
                    hedsTAPE 03
                  </span>
                </div>
              </div>
              <div
                class="css-1gvp5h0"
                data-testid="user-collection-2"
              >
                <div
                  class="chakra-skeleton css-mrvdji"
                >
                  <div
                    class="relative"
                  >
                    <img
                      class="object-cover aspect-square rounded-lg object-center hover:opacity-75 shadow-md"
                      src="https://firebasestorage.googleapis.com/v0/b/hedsdev.appspot.com/o/covers%2Fhedstape%2F8.png?alt=media&token=85033672-edfe-42ce-9987-fa293b3a1bcd"
                    />
                    <div
                      class="text-xs absolute top-2 right-0 py-0.5 px-2 bg-white bg-opacity-70 rounded-l-lg"
                    >
                      x
                      1
                    </div>
                  </div>
                </div>
                <div
                  class="chakra-skeleton css-1mgefph"
                >
                  <span
                    class="px-0.5 tracking-wide text-sm text-gray-600 font-semibold"
                  >
                    hedsTAPE 08
                  </span>
                </div>
              </div>
              <div
                class="css-1gvp5h0"
                data-testid="user-collection-3"
              >
                <div
                  class="chakra-skeleton css-mrvdji"
                >
                  <div
                    class="relative"
                  >
                    <img
                      class="object-cover aspect-square rounded-lg object-center hover:opacity-75 shadow-md"
                      src="https://firebasestorage.googleapis.com/v0/b/hedsdev.appspot.com/o/covers%2Fhedstape%2F7.png?alt=media&token=6669ac60-7886-4e4e-a41a-6976afb978aa"
                    />
                    <div
                      class="text-xs absolute top-2 right-0 py-0.5 px-2 bg-white bg-opacity-70 rounded-l-lg"
                    >
                      x
                      1
                    </div>
                  </div>
                </div>
                <div
                  class="chakra-skeleton css-1mgefph"
                >
                  <span
                    class="px-0.5 tracking-wide text-sm text-gray-600 font-semibold"
                  >
                    hedsTAPE 07
                  </span>
                </div>
              </div>
              <div
                class="css-1gvp5h0"
                data-testid="user-collection-4"
              >
                <div
                  class="chakra-skeleton css-mrvdji"
                >
                  <div
                    class="relative"
                  >
                    <img
                      class="object-cover aspect-square rounded-lg object-center hover:opacity-75 shadow-md"
                      src="https://firebasestorage.googleapis.com/v0/b/hedsdev.appspot.com/o/covers%2Fhedstape%2F2.png?alt=media&token=b37ac39b-243e-411f-820f-17c9b8e454df"
                    />
                    <div
                      class="text-xs absolute top-2 right-0 py-0.5 px-2 bg-white bg-opacity-70 rounded-l-lg"
                    >
                      x
                      1
                    </div>
                  </div>
                </div>
                <div
                  class="chakra-skeleton css-1mgefph"
                >
                  <span
                    class="px-0.5 tracking-wide text-sm text-gray-600 font-semibold"
                  >
                    hedsTAPE 02
                  </span>
                </div>
              </div>
              <div
                class="css-1gvp5h0"
                data-testid="user-collection-5"
              >
                <div
                  class="chakra-skeleton css-mrvdji"
                >
                  <div
                    class="relative"
                  >
                    <img
                      class="object-cover aspect-square rounded-lg object-center hover:opacity-75 shadow-md"
                      src="https://firebasestorage.googleapis.com/v0/b/hedsdev.appspot.com/o/covers%2Fhedstape%2F9.png?alt=media&token=1b42feb2-8832-4323-ab56-a93ff7ef18a7"
                    />
                    <div
                      class="text-xs absolute top-2 right-0 py-0.5 px-2 bg-white bg-opacity-70 rounded-l-lg"
                    >
                      x
                      1
                    </div>
                  </div>
                </div>
                <div
                  class="chakra-skeleton css-1mgefph"
                >
                  <span
                    class="px-0.5 tracking-wide text-sm text-gray-600 font-semibold"
                  >
                    hedsTAPE 09
                  </span>
                </div>
              </div>
              <div
                class="css-1gvp5h0"
                data-testid="user-collection-6"
              >
                <div
                  class="chakra-skeleton css-mrvdji"
                >
                  <div
                    class="relative"
                  >
                    <img
                      class="object-cover aspect-square rounded-lg object-center hover:opacity-75 shadow-md"
                      src="https://firebasestorage.googleapis.com/v0/b/hedsdev.appspot.com/o/covers%2Fhedstape%2F6.png?alt=media&token=72d071a3-9276-47b9-98df-d1b42177c5a8"
                    />
                    <div
                      class="text-xs absolute top-2 right-0 py-0.5 px-2 bg-white bg-opacity-70 rounded-l-lg"
                    >
                      x
                      1
                    </div>
                  </div>
                </div>
                <div
                  class="chakra-skeleton css-1mgefph"
                >
                  <span
                    class="px-0.5 tracking-wide text-sm text-gray-600 font-semibold"
                  >
                    hedsTAPE 06
                  </span>
                </div>
              </div>
              <div
                class="css-1gvp5h0"
                data-testid="user-collection-7"
              >
                <div
                  class="chakra-skeleton css-mrvdji"
                >
                  <div
                    class="relative"
                  >
                    <img
                      class="object-cover aspect-square rounded-lg object-center hover:opacity-75 shadow-md"
                      src="https://firebasestorage.googleapis.com/v0/b/hedsdev.appspot.com/o/covers%2Fhedstape%2F1.png?alt=media&token=59b78f03-5b26-4e43-8470-a45e33f7791b"
                    />
                    <div
                      class="text-xs absolute top-2 right-0 py-0.5 px-2 bg-white bg-opacity-70 rounded-l-lg"
                    >
                      x
                      1
                    </div>
                  </div>
                </div>
                <div
                  class="chakra-skeleton css-1mgefph"
                >
                  <span
                    class="px-0.5 tracking-wide text-sm text-gray-600 font-semibold"
                  >
                    hedsTAPE 01
                  </span>
                </div>
              </div>
            </div>
          </div>
        </div>
      </div>
    </div>
  </div>,
  "debug": [Function],
  "findAllByAltText": [Function],
  "findAllByDisplayValue": [Function],
  "findAllByLabelText": [Function],
  "findAllByPlaceholderText": [Function],
  "findAllByRole": [Function],
  "findAllByTestId": [Function],
  "findAllByText": [Function],
  "findAllByTitle": [Function],
  "findByAltText": [Function],
  "findByDisplayValue": [Function],
  "findByLabelText": [Function],
  "findByPlaceholderText": [Function],
  "findByRole": [Function],
  "findByTestId": [Function],
  "findByText": [Function],
  "findByTitle": [Function],
  "getAllByAltText": [Function],
  "getAllByDisplayValue": [Function],
  "getAllByLabelText": [Function],
  "getAllByPlaceholderText": [Function],
  "getAllByRole": [Function],
  "getAllByTestId": [Function],
  "getAllByText": [Function],
  "getAllByTitle": [Function],
  "getByAltText": [Function],
  "getByDisplayValue": [Function],
  "getByLabelText": [Function],
  "getByPlaceholderText": [Function],
  "getByRole": [Function],
  "getByTestId": [Function],
  "getByText": [Function],
  "getByTitle": [Function],
  "queryAllByAltText": [Function],
  "queryAllByDisplayValue": [Function],
  "queryAllByLabelText": [Function],
  "queryAllByPlaceholderText": [Function],
  "queryAllByRole": [Function],
  "queryAllByTestId": [Function],
  "queryAllByText": [Function],
  "queryAllByTitle": [Function],
  "queryByAltText": [Function],
  "queryByDisplayValue": [Function],
  "queryByLabelText": [Function],
  "queryByPlaceholderText": [Function],
  "queryByRole": [Function],
  "queryByTestId": [Function],
  "queryByText": [Function],
  "queryByTitle": [Function],
  "rerender": [Function],
  "unmount": [Function],
}
`;
