// Jest Snapshot v1, https://goo.gl/fbAQLP

exports[`User unit snapshot snapshot 1`] = `
Object {
  "asFragment": [Function],
  "baseElement": <body>
    <div>
      <div
        class="css-0"
      >
        <div
          class="chakra-skeleton css-1j9g6ff"
          data-testid="user-banner-skeleton"
        >
          <img
            class="chakra-image css-14uupqj"
            data-testid="user-banner-image"
          />
        </div>
        <div
          class="css-1gwwmb8"
        >
          <div
            class="chakra-stack css-dh93tg"
          >
            <div
              class="chakra-skeleton css-dls4ge"
            >
              <div
                class="css-135glum"
              >
                <img
                  alt="user profile picture"
                  class="chakra-image css-jg1zau"
                />
                <div
                  class="css-1l1z0tr"
                >
                  <p
                    class="chakra-text css-w3qfe8"
                  >
                    Edit Profile
                  </p>
                </div>
              </div>
            </div>
            <div
              class="chakra-stack css-18084o5"
            >
              <div
                class="css-16kpqjv"
              >
                <p
                  class="chakra-text css-t9lnoh"
                />
              </div>
              <div
                class="css-11dwk56"
              >
                <p
                  class="chakra-text css-1itm6b"
                />
              </div>
              <div
                class="css-1yudii9"
              >
                <a
                  class="chakra-link chakra-button css-nsxr0z"
                  data-testid="wallet-button"
                  href="https://www.etherscan.com/address/undefined"
                  target="_blank"
                />
              </div>
            </div>
          </div>
          <div
            class="css-1t562z2"
          >
            <div
              class="chakra-stack css-4vkpib"
            >
              <p
                class="chakra-text gradient-text css-1awbph4"
              >
                92
              </p>
            </div>
            <i
              class="chakra-text fas fa-info-circle css-nw8nzf"
            />
          </div>
        </div>
        <div
          class="css-1qjcsn7"
        >
          <div
            class="css-cys8s9"
          >
            <div
              class="css-1qny5l"
            >
              <div
                class="chakra-stack css-zuobqs"
              >
                <img
                  alt="spotlight cover"
                  class="chakra-image css-1cj8osz"
                />
              </div>
              <div
                class="css-l80tvw"
              >
                <div
                  class="chakra-stack css-5m42i9"
                >
                  <p
                    class="chakra-text css-b3zm5x"
                  >
                    TRACK
                  </p>
                  <p
                    class="chakra-text css-lktipz"
                    data-testid="spotlight-track-name"
                  />
                  <hr
                    aria-orientation="horizontal"
                    class="chakra-divider css-ds3xsz"
                  />
                  <div
                    class="css-1lekzkb"
                  >
                    <div
                      class="chakra-stack css-n21gh5"
                    >
                      <p
                        class="chakra-text css-sqefca"
                      >
                        ARTIST
                      </p>
                      <p
                        class="chakra-text css-jjjdbd"
                        data-testid="spotlight-artist-name"
                      />
                    </div>
                    <div
                      class="css-3xrwiz"
                    >
                      <i
                        class="fa-solid fa-play-circle css-1lkhtdg"
                      />
                      <i
                        class="fa-solid fa-heart css-1dc979u"
                      />
                    </div>
                  </div>
                </div>
              </div>
              <div
                class="css-19s4cpb"
              >
                <div
                  class="css-lxypt5"
                >
                  <i
                    class="fa-solid fa-play-circle css-sylhua"
                  />
                  <i
                    class="fa-solid fa-heart css-18kbln"
                  />
                </div>
              </div>
            </div>
          </div>
          <div
            class="chakra-stack css-1yuqg5l"
          >
            <div
              class="chakra-stack css-n21gh5"
            >
              <div
                class="chakra-stack css-141l2zz"
              />
            </div>
          </div>
          <div
            class="css-6no1tz"
          >
            <div
              class="css-1whh555"
            >
              <button
                class="chakra-button css-wtvw0i"
                type="button"
              >
                Collection
              </button>
              <button
                class="chakra-button css-1fy1hmj"
                type="button"
              >
                Likes
              </button>
              <button
                class="chakra-button css-1fy1hmj"
                type="button"
              >
                Discography
              </button>
            </div>
            <div
              class="css-182nf6q"
            >
              <button
                aria-controls="menu-list-:r1:"
                aria-expanded="false"
                aria-haspopup="menu"
                class="chakra-button chakra-menu__menu-button css-19lqrls"
                id="menu-button-:r1:"
                type="button"
              >
                <span
                  class="css-xl71ch"
                >
                  <svg
                    class="chakra-icon css-e8xa0h"
                    focusable="false"
                    viewBox="0 0 24 24"
                  >
                    <path
                      d="M 3 5 A 1.0001 1.0001 0 1 0 3 7 L 21 7 A 1.0001 1.0001 0 1 0 21 5 L 3 5 z M 3 11 A 1.0001 1.0001 0 1 0 3 13 L 21 13 A 1.0001 1.0001 0 1 0 21 11 L 3 11 z M 3 17 A 1.0001 1.0001 0 1 0 3 19 L 21 19 A 1.0001 1.0001 0 1 0 21 17 L 3 17 z"
                      fill="currentColor"
                    />
                  </svg>
                </span>
              </button>
              <div
                class="css-0"
                style="visibility: hidden; position: absolute; min-width: max-content; inset: 0 auto auto 0;"
              >
                <div
                  aria-orientation="vertical"
                  class="chakra-menu__menu-list css-miyh87"
                  id="menu-list-:r1:"
                  role="menu"
                  style="transform-origin: var(--popper-transform-origin); opacity: 0; visibility: hidden; transform: scale(0.8) translateZ(0);"
                  tabindex="-1"
                >
                  <button
                    class="chakra-menu__menuitem css-3a3z0g"
                    data-index="0"
                    id="menu-list-:r1:-menuitem-:r2:"
                    role="menuitem"
                    tabindex="-1"
                    type="button"
                  >
                    Collection
                  </button>
                  <button
                    class="chakra-menu__menuitem css-1b6qfzf"
                    data-index="1"
                    id="menu-list-:r1:-menuitem-:r3:"
                    role="menuitem"
                    tabindex="-1"
                    type="button"
                  >
                    Likes
                  </button>
                  <button
                    class="chakra-menu__menuitem css-1b6qfzf"
                    data-index="2"
                    id="menu-list-:r1:-menuitem-:r4:"
                    role="menuitem"
                    tabindex="-1"
                    type="button"
                  >
                    Discography
                  </button>
                </div>
              </div>
              <p
                class="chakra-text css-1fj456c"
              >
                Collection
              </p>
            </div>
          </div>
          <div
            class="css-6no1tz"
          >
            <div
              class="css-6no1tz"
            >
              <div
                class="css-yanbl"
              />
            </div>
          </div>
        </div>
      </div>
    </div>
  </body>,
  "container": <div>
    <div
      class="css-0"
    >
      <div
        class="chakra-skeleton css-1j9g6ff"
        data-testid="user-banner-skeleton"
      >
        <img
          class="chakra-image css-14uupqj"
          data-testid="user-banner-image"
        />
      </div>
      <div
        class="css-1gwwmb8"
      >
        <div
          class="chakra-stack css-dh93tg"
        >
          <div
            class="chakra-skeleton css-dls4ge"
          >
            <div
              class="css-135glum"
            >
              <img
                alt="user profile picture"
                class="chakra-image css-jg1zau"
              />
              <div
                class="css-1l1z0tr"
              >
                <p
                  class="chakra-text css-w3qfe8"
                >
                  Edit Profile
                </p>
              </div>
            </div>
          </div>
          <div
            class="chakra-stack css-18084o5"
          >
            <div
              class="css-16kpqjv"
            >
              <p
                class="chakra-text css-t9lnoh"
              />
            </div>
            <div
              class="css-11dwk56"
            >
              <p
                class="chakra-text css-1itm6b"
              />
            </div>
            <div
              class="css-1yudii9"
            >
              <a
                class="chakra-link chakra-button css-nsxr0z"
                data-testid="wallet-button"
                href="https://www.etherscan.com/address/undefined"
                target="_blank"
              />
            </div>
          </div>
        </div>
        <div
          class="css-1t562z2"
        >
          <div
            class="chakra-stack css-4vkpib"
          >
            <p
              class="chakra-text gradient-text css-1awbph4"
            >
              92
            </p>
          </div>
          <i
            class="chakra-text fas fa-info-circle css-nw8nzf"
          />
        </div>
      </div>
      <div
        class="css-1qjcsn7"
      >
        <div
          class="css-cys8s9"
        >
          <div
            class="css-1qny5l"
          >
            <div
              class="chakra-stack css-zuobqs"
            >
              <img
                alt="spotlight cover"
                class="chakra-image css-1cj8osz"
              />
            </div>
            <div
              class="css-l80tvw"
            >
              <div
                class="chakra-stack css-5m42i9"
              >
                <p
                  class="chakra-text css-b3zm5x"
                >
                  TRACK
                </p>
                <p
                  class="chakra-text css-lktipz"
                  data-testid="spotlight-track-name"
                />
                <hr
                  aria-orientation="horizontal"
                  class="chakra-divider css-ds3xsz"
                />
                <div
                  class="css-1lekzkb"
                >
                  <div
                    class="chakra-stack css-n21gh5"
                  >
                    <p
                      class="chakra-text css-sqefca"
                    >
                      ARTIST
                    </p>
                    <p
                      class="chakra-text css-jjjdbd"
                      data-testid="spotlight-artist-name"
                    />
                  </div>
                  <div
                    class="css-3xrwiz"
                  >
                    <i
                      class="fa-solid fa-play-circle css-1lkhtdg"
                    />
                    <i
                      class="fa-solid fa-heart css-1dc979u"
                    />
                  </div>
                </div>
              </div>
            </div>
            <div
              class="css-19s4cpb"
            >
              <div
                class="css-lxypt5"
              >
                <i
                  class="fa-solid fa-play-circle css-sylhua"
                />
                <i
                  class="fa-solid fa-heart css-18kbln"
                />
              </div>
            </div>
          </div>
        </div>
        <div
          class="chakra-stack css-1yuqg5l"
        >
          <div
            class="chakra-stack css-n21gh5"
          >
            <div
              class="chakra-stack css-141l2zz"
            />
          </div>
        </div>
        <div
          class="css-6no1tz"
        >
          <div
            class="css-1whh555"
          >
            <button
              class="chakra-button css-wtvw0i"
              type="button"
            >
              Collection
            </button>
            <button
              class="chakra-button css-1fy1hmj"
              type="button"
            >
              Likes
            </button>
            <button
              class="chakra-button css-1fy1hmj"
              type="button"
            >
              Discography
            </button>
          </div>
          <div
            class="css-182nf6q"
          >
            <button
              aria-controls="menu-list-:r1:"
              aria-expanded="false"
              aria-haspopup="menu"
              class="chakra-button chakra-menu__menu-button css-19lqrls"
              id="menu-button-:r1:"
              type="button"
            >
              <span
                class="css-xl71ch"
              >
                <svg
                  class="chakra-icon css-e8xa0h"
                  focusable="false"
                  viewBox="0 0 24 24"
                >
                  <path
                    d="M 3 5 A 1.0001 1.0001 0 1 0 3 7 L 21 7 A 1.0001 1.0001 0 1 0 21 5 L 3 5 z M 3 11 A 1.0001 1.0001 0 1 0 3 13 L 21 13 A 1.0001 1.0001 0 1 0 21 11 L 3 11 z M 3 17 A 1.0001 1.0001 0 1 0 3 19 L 21 19 A 1.0001 1.0001 0 1 0 21 17 L 3 17 z"
                    fill="currentColor"
                  />
                </svg>
              </span>
            </button>
            <div
              class="css-0"
              style="visibility: hidden; position: absolute; min-width: max-content; inset: 0 auto auto 0;"
            >
              <div
                aria-orientation="vertical"
                class="chakra-menu__menu-list css-miyh87"
                id="menu-list-:r1:"
                role="menu"
                style="transform-origin: var(--popper-transform-origin); opacity: 0; visibility: hidden; transform: scale(0.8) translateZ(0);"
                tabindex="-1"
              >
                <button
                  class="chakra-menu__menuitem css-3a3z0g"
                  data-index="0"
                  id="menu-list-:r1:-menuitem-:r2:"
                  role="menuitem"
                  tabindex="-1"
                  type="button"
                >
                  Collection
                </button>
                <button
                  class="chakra-menu__menuitem css-1b6qfzf"
                  data-index="1"
                  id="menu-list-:r1:-menuitem-:r3:"
                  role="menuitem"
                  tabindex="-1"
                  type="button"
                >
                  Likes
                </button>
                <button
                  class="chakra-menu__menuitem css-1b6qfzf"
                  data-index="2"
                  id="menu-list-:r1:-menuitem-:r4:"
                  role="menuitem"
                  tabindex="-1"
                  type="button"
                >
                  Discography
                </button>
              </div>
            </div>
            <p
              class="chakra-text css-1fj456c"
            >
              Collection
            </p>
          </div>
        </div>
        <div
          class="css-6no1tz"
        >
          <div
            class="css-6no1tz"
          >
            <div
              class="css-yanbl"
            />
          </div>
        </div>
      </div>
    </div>
  </div>,
  "debug": [Function],
  "findAllByAltText": [Function],
  "findAllByDisplayValue": [Function],
  "findAllByLabelText": [Function],
  "findAllByPlaceholderText": [Function],
  "findAllByRole": [Function],
  "findAllByTestId": [Function],
  "findAllByText": [Function],
  "findAllByTitle": [Function],
  "findByAltText": [Function],
  "findByDisplayValue": [Function],
  "findByLabelText": [Function],
  "findByPlaceholderText": [Function],
  "findByRole": [Function],
  "findByTestId": [Function],
  "findByText": [Function],
  "findByTitle": [Function],
  "getAllByAltText": [Function],
  "getAllByDisplayValue": [Function],
  "getAllByLabelText": [Function],
  "getAllByPlaceholderText": [Function],
  "getAllByRole": [Function],
  "getAllByTestId": [Function],
  "getAllByText": [Function],
  "getAllByTitle": [Function],
  "getByAltText": [Function],
  "getByDisplayValue": [Function],
  "getByLabelText": [Function],
  "getByPlaceholderText": [Function],
  "getByRole": [Function],
  "getByTestId": [Function],
  "getByText": [Function],
  "getByTitle": [Function],
  "queryAllByAltText": [Function],
  "queryAllByDisplayValue": [Function],
  "queryAllByLabelText": [Function],
  "queryAllByPlaceholderText": [Function],
  "queryAllByRole": [Function],
  "queryAllByTestId": [Function],
  "queryAllByText": [Function],
  "queryAllByTitle": [Function],
  "queryByAltText": [Function],
  "queryByDisplayValue": [Function],
  "queryByLabelText": [Function],
  "queryByPlaceholderText": [Function],
  "queryByRole": [Function],
  "queryByTestId": [Function],
  "queryByText": [Function],
  "queryByTitle": [Function],
  "rerender": [Function],
  "unmount": [Function],
}
`;
